2026-09-14 15:21:55.416: [INFO] CurrentProfilePath: C:\Users\RADITHYO\AppData\Local\Temp\flutter_tools.9d8ea544\flutter_tools_chrome_device.d9783469\Default
2026-09-14 15:21:55.416: [INFO] Profiles total count: 1
2026-09-14 15:21:55.416: [INFO] Profile: name=Profile 1 path=C:\Users\RADITHYO\AppData\Local\Temp\flutter_tools.9d8ea544\flutter_tools_chrome_device.d9783469\Default lastActive=null
2026-09-14 15:21:55.416: [INFO] LastUsedProfileDir: C:\Users\RADITHYO\AppData\Local\Temp\flutter_tools.9d8ea544\flutter_tools_chrome_device.d9783469\Default
2026-09-14 15:21:55.416: [INFO] VisibilityChanged: 0
2026-09-14 15:21:55.454: [INFO] RecordSyncInitDuration has_sync_been_enabled: 0 state: 0
2026-09-14 15:21:55.455: [INFO] RecordSyncInitDuration has_sync_been_enabled: 0 state: 0
2026-09-14 15:21:55.456: [INFO] RecordSyncInitDuration has_sync_been_enabled: 0 state: 0
2026-09-14 15:21:55.457: [INFO] RecordSyncInitDuration has_sync_been_enabled: 0 state: 0
2026-09-14 15:21:55.458: [INFO] RecordSyncInitDuration has_sync_been_enabled: 0 state: 0
2026-09-14 15:21:55.460: [INFO] RecordSyncInitDuration has_sync_been_enabled: 0 state: 0
2026-09-14 15:21:55.461: [INFO] RecordSyncInitDuration has_sync_been_enabled: 0 state: 0
2026-09-14 15:21:55.462: [INFO] RecordSyncInitDuration has_sync_been_enabled: 0 state: 0
2026-09-14 15:21:55.464: [INFO] RecordSyncInitDuration has_sync_been_enabled: 0 state: 0
2026-09-14 15:21:55.465: [INFO] RecordSyncInitDuration has_sync_been_enabled: 0 state: 0
2026-09-14 15:21:55.477: [INFO] OnDoneLoading sync enabled: 0
2026-09-14 15:21:55.477: [INFO] BookmarkModelLoaded, ids_reassigned: 0
2026-09-14 15:21:55.477: [INFO] BookmarksLoadDropped droppedNodes=0
2026-09-14 15:21:55.477: [INFO] BookmarksSnapshot Startup total=0 bar=0 other=0 mobile=0 showBar=0 showBarNTP=1
2026-09-14 15:21:55.536: [INFO] RecordSyncInitDuration has_sync_been_enabled: 0 state: 0
2026-09-14 15:21:58.060: [INFO] RecordSyncInitDuration has_sync_been_enabled: 0 state: 0
2026-09-14 15:21:58.063: [INFO] RecordSyncInitDuration has_sync_been_enabled: 0 state: 3
2026-09-14 15:21:58.065: [INFO] Primary account changed.
2026-09-14 15:21:58.065: [INFO] OnPrimaryAccountChanged PrimaryAccountChangeEvent::Type::kSet
2026-09-14 15:21:58.074: [INFO] RecordSyncInitDuration has_sync_been_enabled: 0 state: 3
2026-09-14 15:21:58.119: [INFO] RecordSyncInitDuration has_sync_been_enabled: 0 state: 3
2026-09-14 15:22:35.850: [INFO] BookmarkNodeAdded, ABU: 0
2026-09-14 15:22:35.851: [INFO] BookmarkNodeAdded, ABU: 0
2026-09-14 15:22:35.852: [INFO] BookmarkNodeAdded, ABU: 0
2026-09-14 15:22:35.852: [INFO] BookmarkNodeAdded, ABU: 0
2026-09-14 15:22:35.852: [INFO] BookmarkNodeAdded, ABU: 0
2026-09-14 15:22:35.853: [INFO] BookmarkNodeAdded, ABU: 0
2026-09-14 15:22:35.854: [INFO] BookmarkNodeAdded, ABU: 0
2026-09-14 15:22:47.326: [INFO] Sync initialization duration: 49153ms
2026-09-14 15:26:26.627: [INFO] BookmarksSnapshot Shutdown total=7 bar=7 other=0 mobile=0 showBar=0 showBarNTP=1
